exports[`test with a song 1`] = `
<View
  style={
    Object {
      "flex": 1,
      "paddingTop": 22,
    }
  }>
  <View>
    <Text
      accessible={true}
      allowFontScaling={true}
      ellipsizeMode="tail">
      Man of Constant Sorrow
    </Text>
  </View>
  <View>
    <Text
      accessible={true}
      allowFontScaling={true}
      ellipsizeMode="tail">
      Dick Burnett
    </Text>
  </View>
  <View>
    <Text
      accessible={true}
      allowFontScaling={true}
      ellipsizeMode="tail">
      Traditional
    </Text>
  </View>
</View>
`;
